###############################################################################
#
# IAR ELF Linker V3.11.1.207 for STM8                     04/Nov/2020  15:40:06
# Copyright 2010-2019 IAR Systems AB.
#
#    Output file  =  
#        C:\Users\dilch\Documents\Psyonic\Pressure\pressure_sensor_stm8\Debug\Exe\pressure_sensor.out
#    Map file     =  
#        C:\Users\dilch\Documents\Psyonic\Pressure\pressure_sensor_stm8\Debug\List\pressure_sensor.map
#    Command line =  
#        -f C:\Users\dilch\AppData\Local\Temp\EWF4A0.tmp
#        (C:\Users\dilch\Documents\Psyonic\Pressure\pressure_sensor_stm8\Debug\Obj\main.o
#        C:\Users\dilch\Documents\Psyonic\Pressure\pressure_sensor_stm8\Debug\Obj\mpl115a1.o
#        C:\Users\dilch\Documents\Psyonic\Pressure\pressure_sensor_stm8\Debug\Obj\spi.o
#        C:\Users\dilch\Documents\Psyonic\Pressure\pressure_sensor_stm8\Debug\Obj\stm8s_adc1.o
#        C:\Users\dilch\Documents\Psyonic\Pressure\pressure_sensor_stm8\Debug\Obj\stm8s_clk.o
#        C:\Users\dilch\Documents\Psyonic\Pressure\pressure_sensor_stm8\Debug\Obj\stm8s_gpio.o
#        C:\Users\dilch\Documents\Psyonic\Pressure\pressure_sensor_stm8\Debug\Obj\stm8s_spi.o
#        C:\Users\dilch\Documents\Psyonic\Pressure\pressure_sensor_stm8\Debug\Obj\stm8s_tim1.o
#        C:\Users\dilch\Documents\Psyonic\Pressure\pressure_sensor_stm8\Debug\Obj\stm8s_tim4.o
#        C:\Users\dilch\Documents\Psyonic\Pressure\pressure_sensor_stm8\Debug\Obj\stm8s_uart1.o
#        C:\Users\dilch\Documents\Psyonic\Pressure\pressure_sensor_stm8\Debug\Obj\system.o
#        C:\Users\dilch\Documents\Psyonic\Pressure\pressure_sensor_stm8\Debug\Obj\uart.o
#        --redirect _Printf=_PrintfFullNoMb --redirect _Scanf=_ScanfFullNoMb
#        --no_out_extension -o
#        C:\Users\dilch\Documents\Psyonic\Pressure\pressure_sensor_stm8\Debug\Exe\pressure_sensor.out
#        --map
#        C:\Users\dilch\Documents\Psyonic\Pressure\pressure_sensor_stm8\Debug\List\pressure_sensor.map
#        --config "C:\Program Files (x86)\IAR Systems\Embedded Workbench
#        8.3\stm8\config\lnkstm8s003f3.icf" --config_def _CSTACK_SIZE=0x100
#        --config_def _HEAP_SIZE=0x100 --entry __iar_program_start --debug_lib)
#
###############################################################################

*******************************************************************************
*** RUNTIME MODEL ATTRIBUTES
***

__SystemLibrary            = DLib
__code_model               = small
__core                     = stm8
__data_model               = medium
__dlib_file_descriptor     = 0
__dlib_full_locale_support = 0
__rt_version               = 4


*******************************************************************************
*** PLACEMENT SUMMARY
***

"A0":  place at start of [0x000000-0x0000ff] { rw section .vregs };
"A1":  place at end of [0x000000-0x0003ff] { block CSTACK };
"P2":  place in [from 0x000000 to 0x0003ff] {
          block HEAP, rw section __DLIB_PERTHREAD, rw section .far.bss,
          rw section .far.data, rw section .far.noinit,
          rw section .far_func.textrw, rw section .huge.bss,
          rw section .huge.data, rw section .huge.noinit,
          rw section .huge_func.textrw, rw section .iar.dynexit,
          rw section .near.bss, rw section .near.data, rw section .near.noinit,
          rw section .near_func.textrw };
"A2":  place at start of [0x008000-0x009fff] { block INTVEC };
"P3":  place in [from 0x008000 to 0x009fff] {
          ro section __DLIB_PERTHREAD_init, ro section .far.data_init,
          ro section .far_func.textrw_init, ro section .huge.data_init,
          ro section .huge_func.textrw_init, ro section .iar.init_table,
          ro section .init_array, ro section .near.data_init,
          ro section .near.rodata, ro section .near_func.text,
          ro section .near_func.textrw_init, ro section .tiny.data_init,
          ro section .tiny.rodata_init };
"P4":  place in [from 0x008000 to 0x009fff] {
          ro section .far.rodata, ro section .far_func.text };
"P5":  place in [from 0x008000 to 0x009fff] {
          ro section .huge.rodata, ro section .huge_func.text };
do not initialize {
   rw section .eeprom.noinit, rw section .far.noinit, rw section .huge.noinit,
   rw section .near.noinit, rw section .tiny.noinit, rw section .vregs };
initialize by copy {
   rw section .far.bss, rw section .far.data, rw section .far_func.textrw,
   rw section .huge.bss, rw section .huge.data, rw section .huge_func.textrw,
   rw section .iar.dynexit, rw section .near.bss, rw section .near.data,
   rw section .near_func.textrw, rw section .tiny.bss, rw section .tiny.data,
   ro section .tiny.rodata };

No sections matched the following patterns:

  ro section .far.data_init          in "P3-P5"
  ro section .far.rodata             in "P3-P5"
  ro section .far_func.text          in "P3-P5"
  ro section .far_func.textrw_init   in "P3-P5"
  ro section .huge.data_init         in "P3-P5"
  ro section .huge.rodata            in "P3-P5"
  ro section .huge_func.text         in "P3-P5"
  ro section .huge_func.textrw_init  in "P3-P5"
  ro section .iar.init_table         in "P3-P5"
  ro section .init_array             in "P3-P5"
  ro section .near_func.textrw_init  in "P3-P5"
  ro section .tiny.data_init         in "P3-P5"
  ro section .tiny.rodata_init       in "P3-P5"
  ro section __DLIB_PERTHREAD_init   in "P3-P5"
  rw section .far.bss                in "P2"
  rw section .far.data               in "P2"
  rw section .far.noinit             in "P2"
  rw section .far_func.textrw        in "P2"
  rw section .huge.bss               in "P2"
  rw section .huge.data              in "P2"
  rw section .huge.noinit            in "P2"
  rw section .huge_func.textrw       in "P2"
  rw section .iar.dynexit            in "P2"
  rw section .near.noinit            in "P2"
  rw section .near_func.textrw       in "P2"
  rw section .tiny.bss               in "P1"
  rw section .tiny.data              in "P1"
  rw section .tiny.noinit            in "P1"
  rw section .tiny.rodata            in "P1"
  rw section __DLIB_PERTHREAD        in "P2"
  section .eeprom.data               in "P6-P8"
  section .eeprom.noinit             in "P6-P8"
  section .eeprom.rodata             in "P6-P8"


  Section            Kind      Address    Size  Object
  -------            ----      -------    ----  ------
"A0":                                     0x10
  .vregs             uninit   0x000000    0x10  vregs.o [4]
                            - 0x000010    0x10

"P2", part 1 of 2:                         0xf
  P2-1                        0x000010     0xf  <Init block>
    .near.data       inited   0x000010     0x2  main.o [1]
    .near.data       inited   0x000012     0x1  main.o [1]
    .near.data       inited   0x000013     0x8  spi.o [1]
    .near.data       inited   0x00001b     0x4  spi.o [1]
                            - 0x00001f     0xf

"P2", part 2 of 2:                        0x50
  .near.bss          zero     0x00001f    0x40  mpl115a1.o [1]
  .near.bss          zero     0x00005f    0x10  mpl115a1.o [1]
                            - 0x00006f    0x50

"A1":                                    0x100
  CSTACK                      0x000300   0x100  <Block>
    CSTACK           uninit   0x000300   0x100  <Block tail>
                            - 0x000400   0x100

"A2":                                     0x80
  INTVEC                      0x008000    0x80  <Block>
    .intvec          const    0x008000    0x80  interrupt.o [4]
                            - 0x008080    0x80

"P3-P5":                                0x1803
  .near_func.text    ro code  0x008080   0x3f7  float.o [4]
  .near_func.text    ro code  0x008477   0x24d  mpl115a1.o [1]
  .near_func.text    ro code  0x0086c4   0x226  stm8s_uart1.o [1]
  .near_func.text    ro code  0x0088ea   0x151  mpl115a1.o [1]
  .near_func.text    ro code  0x008a3b   0x141  long.o [4]
  .near_func.text    ro code  0x008b7c   0x13f  stm8s_spi.o [1]
  .near_func.text    ro code  0x008cbb   0x127  main.o [1]
  .near_func.text    ro code  0x008de2   0x10e  stm8s_gpio.o [1]
  .near_func.text    ro code  0x008ef0    0xf5  vreg_util.o [4]
  .near_func.text    ro code  0x008fe5    0xef  mpl115a1.o [1]
  .near_func.text    ro code  0x0090d4    0xdb  stm8s_clk.o [1]
  .near_func.text    ro code  0x0091af    0x8b  stm8s_clk.o [1]
  .near_func.text    ro code  0x00923a    0x7b  stm8s_clk.o [1]
  .near_func.text    ro code  0x0092b5    0x65  spi.o [1]
  .near_func.text    ro code  0x00931a    0x60  stm8s_tim1.o [1]
  .near_func.text    ro code  0x00937a    0x5b  spi.o [1]
  .near_func.text    ro code  0x0093d5    0x55  stm8s_spi.o [1]
  .near_func.text    ro code  0x00942a    0x55  long_util.o [4]
  .near_func.text    ro code  0x00947f    0x4d  system.o [1]
  .near.rodata       const    0x0094cc    0x4a  stm8s_uart1.o [1]
  .near.rodata       const    0x009516    0x49  stm8s_gpio.o [1]
  .near.rodata       const    0x00955f    0x49  stm8s_tim1.o [1]
  .near.rodata       const    0x0095a8    0x48  stm8s_clk.o [1]
  .near.rodata       const    0x0095f0    0x48  stm8s_spi.o [1]
  .near_func.text    ro code  0x009638    0x2f  stm8s_spi.o [1]
  .near_func.text    ro code  0x009667    0x2f  stm8s_tim1.o [1]
  .near_func.text    ro code  0x009696    0x2d  short.o [4]
  .near_func.text    ro code  0x0096c3    0x28  init_small.o [4]
  .near_func.text    ro code  0x0096eb    0x25  dc_util.o [4]
  .near_func.text    ro code  0x009710    0x24  system.o [1]
  .iar.init_table    const    0x009734    0x12  - Linker created -
  .near.rodata       const    0x009746    0x20  main.o [1]
  .near_func.text    ro code  0x009766    0x1f  uart.o [1]
  .near_func.text    ro code  0x009785    0x1e  init_small.o [4]
  .near_func.text    ro code  0x0097a3    0x1b  stm8s_tim1.o [1]
  .near_func.text    ro code  0x0097be    0x15  stm8s_spi.o [1]
  .near_func.text    ro code  0x0097d3    0x14  init.o [4]
  .near_func.text    ro code  0x0097e7    0x14  __dbg_xxexit.o [3]
  .near_func.text    ro code  0x0097fb    0x13  stm8s_gpio.o [1]
  .near_func.text    ro code  0x00980e    0x13  cstartup.o [4]
  Initializer bytes  const    0x009821     0xf  <for P2-1>
  .near_func.text    ro code  0x009830     0xe  stm8s_uart1.o [1]
  .near_func.text    ro code  0x00983e     0xd  move.o [4]
  .near_func.text    ro code  0x00984b     0x9  stm8s_tim1.o [1]
  .near_func.text    ro code  0x009854     0x8  stm8s_gpio.o [1]
  .near_func.text    ro code  0x00985c     0x7  stm8s_gpio.o [1]
  .near_func.text    ro code  0x009863     0x5  cexit.o [4]
  .near.rodata       const    0x009868     0x4  stm8s_clk.o [1]
  .near_func.text    ro code  0x00986c     0x4  stm8s_spi.o [1]
  .near_func.text    ro code  0x009870     0x4  stm8s_spi.o [1]
  .near_func.text    ro code  0x009874     0x3  interrupt.o [4]
  .near_func.text    ro code  0x009877     0x3  low_level_init.o [4]
  .near_func.text    ro code  0x00987a     0x3  exit.o [4]
  .near_func.text    ro code  0x00987d     0x3  unhandled_exception.o [4]
  .near_func.text    ro code  0x009880     0x2  spi.o [1]
  .near_func.text    ro code  0x009882     0x1  __dbg_break.o [3]
                            - 0x009883  0x1803


*******************************************************************************
*** INIT TABLE
***

          Address   Size
          -------   ----
Zero (__iar_zero_init2)
    1 destination range, total size 0x50:
          0x00001f  0x50

Copy (__iar_copy_init2)
    1 source range, total size 0xf:
          0x009821   0xf
    1 destination range, total size 0xf:
          0x000010   0xf



*******************************************************************************
*** MODULE SUMMARY
***

    Module                 ro code  ro data  rw data
    ------                 -------  -------  -------
C:\Users\dilch\Documents\Psyonic\Pressure\pressure_sensor_stm8\Debug\Obj: [1]
    main.o                     295       35        3
    mpl115a1.o               1 165                80
    spi.o                      194       12       12
    stm8s_clk.o                481       76
    stm8s_gpio.o               304       73
    stm8s_spi.o                480       72
    stm8s_tim1.o               179       73
    stm8s_uart1.o              564       74
    system.o                   113
    uart.o                      31
    ------------------------------------------------
    Total:                   3 806      415       95

command line: [2]
    ------------------------------------------------
    Total:

dbgstm8smd.a: [3]
    __dbg_break.o                1
    __dbg_xxexit.o              20
    ------------------------------------------------
    Total:                      21

dlstm8smn.a: [4]
    cexit.o                      5
    cstartup.o                  19
    dc_util.o                   37
    exit.o                       3
    float.o                  1 015
    init.o                      20
    init_small.o                70
    interrupt.o                  3      128
    long.o                     321
    long_util.o                 85
    low_level_init.o             3
    move.o                      13
    short.o                     45
    unhandled_exception.o        3
    vreg_util.o                245
    vregs.o                                       16
    ------------------------------------------------
    Total:                   1 887      128       16

    Linker created                       18      256
----------------------------------------------------
    Grand Total:             5 714      561      367


*******************************************************************************
*** ENTRY LIST
***

Entry                    Address   Size  Type      Object
-----                    -------   ----  ----      ------
.iar.init_table$$Base   0x009734          --   Gb  - Linker created -
.iar.init_table$$Limit  0x009746          --   Gb  - Linker created -
?b0                     0x000000         Data  Gb  vregs.o [4]
?b1                     0x000001         Data  Gb  vregs.o [4]
?b10                    0x00000a         Data  Gb  vregs.o [4]
?b11                    0x00000b         Data  Gb  vregs.o [4]
?b12                    0x00000c         Data  Gb  vregs.o [4]
?b13                    0x00000d         Data  Gb  vregs.o [4]
?b14                    0x00000e         Data  Gb  vregs.o [4]
?b15                    0x00000f         Data  Gb  vregs.o [4]
?b2                     0x000002         Data  Gb  vregs.o [4]
?b3                     0x000003         Data  Gb  vregs.o [4]
?b4                     0x000004         Data  Gb  vregs.o [4]
?b5                     0x000005         Data  Gb  vregs.o [4]
?b6                     0x000006         Data  Gb  vregs.o [4]
?b7                     0x000007         Data  Gb  vregs.o [4]
?b8                     0x000008         Data  Gb  vregs.o [4]
?b9                     0x000009         Data  Gb  vregs.o [4]
?dc32_l0                0x0096eb         Code  Gb  dc_util.o [4]
?dc32_l1                0x0096f8         Code  Gb  dc_util.o [4]
?dc32_px                0x009705         Code  Gb  dc_util.o [4]
?e0                     0x000001         Data  Gb  vregs.o [4]
?e1                     0x000005         Data  Gb  vregs.o [4]
?e2                     0x000009         Data  Gb  vregs.o [4]
?e3                     0x00000d         Data  Gb  vregs.o [4]
?epilogue_l2            0x008f7b         Code  Gb  vreg_util.o [4]
?epilogue_l2_l3         0x008f78         Code  Gb  vreg_util.o [4]
?epilogue_l2_w6         0x008f7f         Code  Gb  vreg_util.o [4]
?epilogue_w4            0x008f86         Code  Gb  vreg_util.o [4]
?fadd32_l0_l0_0x        0x0080a2         Code  Gb  float.o [4]
?fadd32_l0_l0_dc32      0x00809d         Code  Gb  float.o [4]
?fadd32_l0_l0_l1        0x0080a5         Code  Gb  float.o [4]
?fcastf32s16_l0_x       0x008324         Code  Gb  float.o [4]
?fcastf32u16_l0_x       0x00832b         Code  Gb  float.o [4]
?fcasts16f32_x_l0       0x008349         Code  Gb  float.o [4]
?fcmplt32_c_l0_0x       0x0082ce         Code  Gb  float.o [4]
?fcmplt32_c_l0_dc32     0x0082c9         Code  Gb  float.o [4]
?fdiv32_l0_l0_dc32      0x008216         Code  Gb  float.o [4]
?fdiv32_l0_l0_l1        0x00821b         Code  Gb  float.o [4]
?fmul32_l0_l0_0x        0x008178         Code  Gb  float.o [4]
?fmul32_l0_l0_dc32      0x008173         Code  Gb  float.o [4]
?fmul32_l0_l0_l1        0x00817b         Code  Gb  float.o [4]
?l0                     0x000000         Data  Gb  vregs.o [4]
?l1                     0x000004         Data  Gb  vregs.o [4]
?l2                     0x000008         Data  Gb  vregs.o [4]
?l3                     0x00000c         Data  Gb  vregs.o [4]
?load32_0x_l0           0x009463         Code  Gb  long_util.o [4]
?load32_0x_l1           0x009471         Code  Gb  long_util.o [4]
?load32_asp_l0          0x009457         Code  Gb  long_util.o [4]
?load32_dbsp_l0         0x009452         Code  Gb  long_util.o [4]
?load32_l0_0x           0x00943a         Code  Gb  long_util.o [4]
?load32_l0_asp          0x00942f         Code  Gb  long_util.o [4]
?load32_l0_dbsp         0x00942a         Code  Gb  long_util.o [4]
?load32_l0_xsp          0x009431         Code  Gb  long_util.o [4]
?load32_l1_0x           0x009446         Code  Gb  long_util.o [4]
?load32_xsp_l0          0x009459         Code  Gb  long_util.o [4]
?mov_e0_e1              0x008f8d         Code  Gb  vreg_util.o [4]
?mov_e0_e2              0x008f9a         Code  Gb  vreg_util.o [4]
?mov_e0_e3              0x008fa7         Code  Gb  vreg_util.o [4]
?mov_e1_e0              0x008fb4         Code  Gb  vreg_util.o [4]
?mov_e1_e2              0x008fc1         Code  Gb  vreg_util.o [4]
?mov_e2_e0              0x008fce         Code  Gb  vreg_util.o [4]
?mov_e3_e0              0x008fdb         Code  Gb  vreg_util.o [4]
?mov_l0_l1              0x008f8a         Code  Gb  vreg_util.o [4]
?mov_l0_l2              0x008f97         Code  Gb  vreg_util.o [4]
?mov_l0_l3              0x008fa4         Code  Gb  vreg_util.o [4]
?mov_l1_l0              0x008fb1         Code  Gb  vreg_util.o [4]
?mov_l1_l2              0x008fbe         Code  Gb  vreg_util.o [4]
?mov_l2_l0              0x008fcb         Code  Gb  vreg_util.o [4]
?mov_l3_l0              0x008fd8         Code  Gb  vreg_util.o [4]
?mov_w1_w3              0x008f90         Code  Gb  vreg_util.o [4]
?mov_w1_w5              0x008f9d         Code  Gb  vreg_util.o [4]
?mov_w1_w7              0x008faa         Code  Gb  vreg_util.o [4]
?mov_w3_w1              0x008fb7         Code  Gb  vreg_util.o [4]
?mov_w3_w5              0x008fc4         Code  Gb  vreg_util.o [4]
?mov_w5_w1              0x008fd1         Code  Gb  vreg_util.o [4]
?mov_w7_w1              0x008fde         Code  Gb  vreg_util.o [4]
?move1616_v_x_y_a       0x00983e         Code  Gb  move.o [4]
?mul16_x_x_w0           0x009696         Code  Gb  short.o [4]
?mul32_l0_l0_0x         0x008a59         Code  Gb  long.o [4]
?mul32_l0_l0_dl         0x008a56         Code  Gb  long.o [4]
?mul32_l0_l0_l1         0x008a62         Code  Gb  long.o [4]
?pop_l1                 0x008f4f         Code  Gb  vreg_util.o [4]
?pop_l2                 0x008f5a         Code  Gb  vreg_util.o [4]
?pop_l3                 0x008f65         Code  Gb  vreg_util.o [4]
?pop_w4                 0x008f0d         Code  Gb  vreg_util.o [4]
?pop_w6                 0x008f14         Code  Gb  vreg_util.o [4]
?push_l0                0x008f23         Code  Gb  vreg_util.o [4]
?push_l2                0x008f28         Code  Gb  vreg_util.o [4]
?push_l3                0x008f2d         Code  Gb  vreg_util.o [4]
?push_w4                0x008ef0         Code  Gb  vreg_util.o [4]
?push_w6                0x008ef5         Code  Gb  vreg_util.o [4]
?sext32_l0_x            0x008b71         Code  Gb  long.o [4]
?sll16_x_x_a            0x0096b4         Code  Gb  short.o [4]
?sll32_0x_0x_a          0x008b63         Code  Gb  long.o [4]
?sll32_l0_l0_a          0x008b60         Code  Gb  long.o [4]
?srl16_x_x_4            0x0096be         Code  Gb  short.o [4]
?srl16_x_x_5            0x0096bd         Code  Gb  short.o [4]
?srl16_x_x_6            0x0096bc         Code  Gb  short.o [4]
?sub32_l0_l0_0x         0x008a3e         Code  Gb  long.o [4]
?sub32_l0_l0_l1         0x008a3b         Code  Gb  long.o [4]
?ucmp32_c_l0_l1         0x008b55         Code  Gb  long.o [4]
?udiv32_l0_dl_l1        0x008ae0         Code  Gb  long.o [4]
?udiv32_l0_l0_dl        0x008ae5         Code  Gb  long.o [4]
?udiv32_l0_l0_l1        0x008ae8         Code  Gb  long.o [4]
?umod32_l1_l0_l1        0x008ae8         Code  Gb  long.o [4]
?w0                     0x000000         Data  Gb  vregs.o [4]
?w1                     0x000002         Data  Gb  vregs.o [4]
?w2                     0x000004         Data  Gb  vregs.o [4]
?w3                     0x000006         Data  Gb  vregs.o [4]
?w4                     0x000008         Data  Gb  vregs.o [4]
?w5                     0x00000a         Data  Gb  vregs.o [4]
?w6                     0x00000c         Data  Gb  vregs.o [4]
?w7                     0x00000e         Data  Gb  vregs.o [4]
CLK_GetClockFreq        0x00923a   0x7b  Code  Gb  stm8s_clk.o [1]
CLK_PeripheralClockConfig
                        0x0090d4   0xdb  Code  Gb  stm8s_clk.o [1]
CLK_SYSCLKConfig        0x0091af   0x8b  Code  Gb  stm8s_clk.o [1]
CSTACK$$Base            0x000300          --   Gb  - Linker created -
CSTACK$$Limit           0x000400          --   Gb  - Linker created -
Delay                   0x00947f   0x4d  Code  Gb  system.o [1]
GPIO_DeInit             0x0097fb   0x13  Code  Gb  stm8s_gpio.o [1]
GPIO_Init               0x008de2  0x10e  Code  Gb  stm8s_gpio.o [1]
GPIO_WriteHigh          0x00985c    0x7  Code  Gb  stm8s_gpio.o [1]
GPIO_WriteLow           0x009854    0x8  Code  Gb  stm8s_gpio.o [1]
HSIDivFactor            0x009868    0x4  Data  Gb  stm8s_clk.o [1]
INTVEC$$Base            0x008000          --   Gb  - Linker created -
INTVEC$$Limit           0x008080          --   Gb  - Linker created -
Region$$Table$$Base     0x009734          --   Gb  - Linker created -
Region$$Table$$Limit    0x009746          --   Gb  - Linker created -
SPI_Cmd                 0x009638   0x2f  Code  Gb  stm8s_spi.o [1]
SPI_DeInit              0x0097be   0x15  Code  Gb  stm8s_spi.o [1]
SPI_GetFlagStatus       0x0093d5   0x55  Code  Gb  stm8s_spi.o [1]
SPI_Init                0x008b7c  0x13f  Code  Gb  stm8s_spi.o [1]
SPI_ReceiveData         0x009870    0x4  Code  Gb  stm8s_spi.o [1]
SPI_SendData            0x00986c    0x4  Code  Gb  stm8s_spi.o [1]
TIM1_Cmd                0x009667   0x2f  Code  Gb  stm8s_tim1.o [1]
TIM1_GetCounter         0x0097a3   0x1b  Code  Gb  stm8s_tim1.o [1]
TIM1_SetCounter         0x00984b    0x9  Code  Gb  stm8s_tim1.o [1]
TIM1_TimeBaseInit       0x00931a   0x60  Code  Gb  stm8s_tim1.o [1]
UART1_Cmd               0x009830    0xe  Code  Gb  stm8s_uart1.o [1]
UART1_Init              0x0086c4  0x226  Code  Gb  stm8s_uart1.o [1]
__DebugBreak            0x009882    0x1  Code  Gb  __dbg_break.o [3]
__exit                  0x0097e7   0x14  Code  Gb  __dbg_xxexit.o [3]
__iar_copy_init2        0x0096c3         Code  Gb  init_small.o [4]
__iar_data_init2        0x0097d3   0x14  Code  Gb  init.o [4]
__iar_program_start     0x00980e         Code  Gb  cstartup.o [4]
__iar_unhandled_exception
                        0x00987d         Code  Gb  unhandled_exception.o [4]
__iar_zero_init2        0x009785         Code  Gb  init_small.o [4]
__intvec                0x008000         Data  Gb  interrupt.o [4]
__low_level_init        0x009877    0x3  Code  Gb  low_level_init.o [4]
_exit                   0x009863         Code  Gb  cexit.o [4]
assert_failed           0x009880    0x2  Code  Gb  spi.o [1]
calibration_coeff       0x00001f   0x40  Data  Gb  mpl115a1.o [1]
clk_init                0x009710   0x24  Code  Gb  system.o [1]
coeff_read              0x008477  0x24d  Code  Gb  mpl115a1.o [1]
cs_pin                  0x00001b    0x4  Data  Gb  spi.o [1]
cs_port                 0x000013    0x8  Data  Gb  spi.o [1]
exit                    0x00987a    0x3  Code  Gb  exit.o [4]
get_pressure            0x0088ea  0x151  Code  Gb  mpl115a1.o [1]
led_pin                 0x000012    0x1  Data  Gb  main.o [1]
led_port                0x000010    0x2  Data  Gb  main.o [1]
main                    0x008cbb  0x127  Code  Gb  main.o [1]
pres_data               0x00005f   0x10  Data  Gb  mpl115a1.o [1]
pressure_conv           0x008fe5   0xef  Code  Gb  mpl115a1.o [1]
spi_init                0x0092b5   0x65  Code  Gb  spi.o [1]
spi_read                0x00937a   0x5b  Code  Gb  spi.o [1]
uart_init               0x009766   0x1f  Code  Gb  uart.o [1]


[1] = C:\Users\dilch\Documents\Psyonic\Pressure\pressure_sensor_stm8\Debug\Obj
[2] = command line
[3] = dbgstm8smd.a
[4] = dlstm8smn.a

  5 714 bytes of readonly  code memory
    561 bytes of readonly  data memory
    367 bytes of readwrite data memory

Errors: none
Warnings: none
